python : C:\Users\admin\Deskt
op\prjt\test_gemini.py:1: 
FutureWarning: 
At line:1 char:1
+ python test_gemini.py > 
test_output.txt 2>&1
+ ~~~~~~~~~~~~~~~~~~~~~~~~~~~
~~~~~~~~~~~~~~~~~
    + CategoryInfo           
   : NotSpecified: (C:\User  
  s\admin\...FutureWarning   
 : :String) [], RemoteExc    
eption
    + FullyQualifiedErrorId  
   : NativeCommandError
 

All support for the 
`google.generativeai` 
package has ended. It will 
no longer be receiving 
updates or bug fixes. Please 
switch to the `google.genai` 
package as soon as possible.
See README for more details:

https://github.com/google-gem
ini/deprecated-generative-ai-
python/blob/main/README.md

  import google.generativeai 
as genai
Key loaded: AIzaSyBeyN...
Error detailed:
NotFound('models/gemini-1.5-flash is not found for API version v1beta, or is not supported for generateContent. Call ListModels to see the list of available models and their supported methods.')
